// Jest Snapshot v1, https://goo.gl/fbAQLP

exports[`MovieOverview component Render 1`] = `
<div
  className="movie-card__poster"
>
  <img
    alt="Fantastic Beasts: The Crimes of Grindelwald poster"
    height="327"
    src="img/fantastic-beasts-the-crimes-of-grindelwald.jpg"
    width="218"
  />
</div>
`;
